// Jest Snapshot v1, https://goo.gl/fbAQLP

exports[`should render Names 1`] = `
<textarea
  className="App-name_input"
  onChange={[Function]}
/>
`;
